Wed 09 Oct 2024 19:09:57 INFO  
General Hyper Parameters:
gpu_id = 0
use_gpu = True
seed = 2020
state = INFO
reproducibility = True
data_path = dataset/Office
checkpoint_dir = saved
show_progress = False
save_dataset = False
dataset_save_path = None
save_dataloaders = False
dataloaders_save_path = None
log_wandb = False

Training Hyper Parameters:
epochs = 300
train_batch_size = 2048
learner = adam
learning_rate = 0.001
train_neg_sample_args = {'distribution': 'none', 'sample_num': 'none', 'alpha': 'none', 'dynamic': False, 'candidate_num': 0}
eval_step = 1
stopping_step = 10
clip_grad_norm = None
weight_decay = 0.0
loss_decimal_place = 4

Evaluation Hyper Parameters:
eval_args = {'split': {'LS': 'valid_and_test'}, 'order': 'TO', 'group_by': 'user', 'mode': {'valid': 'full', 'test': 'full'}}
repeatable = True
metrics = ['Recall', 'NDCG']
topk = [10, 20]
valid_metric = NDCG@10
valid_metric_bigger = True
eval_batch_size = 2048
metric_decimal_place = 4

Dataset Hyper Parameters:
field_separator = 	
seq_separator =  
USER_ID_FIELD = user_id
ITEM_ID_FIELD = item_id
RATING_FIELD = rating
TIME_FIELD = timestamp
seq_len = None
LABEL_FIELD = label
threshold = None
NEG_PREFIX = neg_
load_col = {'inter': ['user_id', 'item_id_list', 'item_id']}
unload_col = None
unused_col = None
additional_feat_suffix = None
rm_dup_inter = None
val_interval = None
filter_inter_by_user_or_item = True
user_inter_num_interval = [0,inf)
item_inter_num_interval = [0,inf)
alias_of_user_id = None
alias_of_item_id = ['item_id_list']
alias_of_entity_id = None
alias_of_relation_id = None
preload_weight = None
normalize_field = None
normalize_all = None
ITEM_LIST_LENGTH_FIELD = item_length
LIST_SUFFIX = _list
MAX_ITEM_LIST_LENGTH = 50
POSITION_FIELD = position_id
HEAD_ENTITY_ID_FIELD = head_id
TAIL_ENTITY_ID_FIELD = tail_id
RELATION_ID_FIELD = relation_id
ENTITY_ID_FIELD = entity_id
benchmark_filename = ['train', 'valid', 'test']

Other Hyper Parameters: 
worker = 0
wandb_project = recbole
shuffle = True
require_pow = False
enable_amp = False
enable_scaler = False
transform = None
numerical_features = []
discretization = None
kg_reverse_r = False
entity_kg_num_interval = [0,inf)
relation_kg_num_interval = [0,inf)
MODEL_TYPE = ModelType.SEQUENTIAL
n_layers = 2
n_heads = 2
hidden_size = 300
inner_size = 256
hidden_dropout_prob = 0.5
attn_dropout_prob = 0.5
hidden_act = gelu
layer_norm_eps = 1e-12
initializer_range = 0.02
loss_type = CE
plm_suffix = feat1CLS
plm_size = 768
adaptor_dropout_prob = 0.2
adaptor_layers = [768, 300]
temperature = 0.07
n_exps = 8
n_fft = 64
compress_size = 1
hop_length = 16
n_head = 2
d_k = 4
d_v = 4
stft_weight = 1e-05
res_weight = 1e-05
MODEL_INPUT_TYPE = InputType.POINTWISE
eval_type = EvaluatorType.RANKING
single_spec = True
local_rank = 0
device = cuda
valid_neg_sample_args = {'distribution': 'uniform', 'sample_num': 'none'}
test_neg_sample_args = {'distribution': 'uniform', 'sample_num': 'none'}


Wed 09 Oct 2024 19:10:04 INFO  Office
The number of users: 87347
Average actions of users: 6.840507865271449
The number of items: 25987
Average actions of items: 23.004312170330728
The number of inters: 597491
The sparsity of the dataset: 99.97367749431984%
Remain Fields: ['user_id', 'item_id_list', 'item_id', 'item_length']
Wed 09 Oct 2024 19:10:08 INFO  [Training]: train_batch_size = [2048] train_neg_sample_args: [{'distribution': 'none', 'sample_num': 'none', 'alpha': 'none', 'dynamic': False, 'candidate_num': 0}]
Wed 09 Oct 2024 19:10:08 INFO  [Evaluation]: eval_batch_size = [2048] eval_args: [{'split': {'LS': 'valid_and_test'}, 'order': 'TO', 'group_by': 'user', 'mode': {'valid': 'full', 'test': 'full'}}]
Wed 09 Oct 2024 19:10:08 INFO  TedRec(
  (item_embedding): Embedding(25987, 300, padding_idx=0)
  (position_embedding): Embedding(50, 300)
  (trm_encoder): TransformerEncoder(
    (layer): ModuleList(
      (0-1): 2 x TransformerLayer(
        (multi_head_attention): MultiHeadAttention(
          (query): Linear(in_features=300, out_features=300, bias=True)
          (key): Linear(in_features=300, out_features=300, bias=True)
          (value): Linear(in_features=300, out_features=300, bias=True)
          (softmax): Softmax(dim=-1)
          (attn_dropout): Dropout(p=0.5, inplace=False)
          (dense): Linear(in_features=300, out_features=300, bias=True)
          (LayerNorm): LayerNorm((300,), eps=1e-12, elementwise_affine=True)
          (out_dropout): Dropout(p=0.5, inplace=False)
        )
        (feed_forward): FeedForward(
          (dense_1): Linear(in_features=300, out_features=256, bias=True)
          (dense_2): Linear(in_features=256, out_features=300, bias=True)
          (LayerNorm): LayerNorm((300,), eps=1e-12, elementwise_affine=True)
          (dropout): Dropout(p=0.5, inplace=False)
        )
      )
    )
  )
  (LayerNorm): LayerNorm((300,), eps=1e-12, elementwise_affine=True)
  (dropout): Dropout(p=0.5, inplace=False)
  (loss_fct): CrossEntropyLoss()
  (plm_embedding): Embedding(25987, 768, padding_idx=0)
  (item_gating): Linear(in_features=300, out_features=1, bias=True)
  (fusion_gating): Linear(in_features=300, out_features=1, bias=True)
  (moe_adaptor): MoEAdaptorLayer(
    (experts): ModuleList(
      (0-7): 8 x DTRLayer(
        (dropout): Dropout(p=0.2, inplace=False)
        (lin): Linear(in_features=768, out_features=300, bias=False)
      )
    )
  )
  (stft_model): STFTModel(
    (compress): Linear(in_features=300, out_features=1, bias=True)
    (enlarge): Linear(in_features=1, out_features=300, bias=True)
  )
  (item_stft_gating): Linear(in_features=300, out_features=1, bias=True)
  (fusion_stft_gating): Linear(in_features=300, out_features=1, bias=True)
  (res_mh): MultiHeadAttention(
    (w_qs): Linear(in_features=300, out_features=8, bias=False)
    (w_ks): Linear(in_features=300, out_features=8, bias=False)
    (w_vs): Linear(in_features=300, out_features=8, bias=False)
    (fc): Linear(in_features=8, out_features=300, bias=False)
    (attention): ScaledDotProductAttention(
      (dropout): Dropout(p=0.1, inplace=False)
    )
    (dropout): Dropout(p=0.1, inplace=False)
    (layer_norm): LayerNorm((300,), eps=1e-06, elementwise_affine=True)
  )
)
Trainable parameters: 11035669
Wed 09 Oct 2024 19:10:59 INFO  epoch 0 training [time: 50.12s, train loss: 1927.9952]
Wed 09 Oct 2024 19:11:02 INFO  epoch 0 evaluating [time: 2.88s, valid_score: 0.077200]
Wed 09 Oct 2024 19:11:02 INFO  valid result: 
recall@10 : 0.1059    recall@20 : 0.1243    ndcg@10 : 0.0772    ndcg@20 : 0.0818
Wed 09 Oct 2024 19:11:02 INFO  Saving current: saved/TedRec-Oct-09-2024_19-10-08.pth
Wed 09 Oct 2024 19:11:52 INFO  epoch 1 training [time: 50.02s, train loss: 1733.9775]
Wed 09 Oct 2024 19:11:55 INFO  epoch 1 evaluating [time: 2.87s, valid_score: 0.098300]
Wed 09 Oct 2024 19:11:55 INFO  valid result: 
recall@10 : 0.1346    recall@20 : 0.1596    ndcg@10 : 0.0983    ndcg@20 : 0.1046
Wed 09 Oct 2024 19:11:55 INFO  Saving current: saved/TedRec-Oct-09-2024_19-10-08.pth
Wed 09 Oct 2024 19:12:45 INFO  epoch 2 training [time: 49.91s, train loss: 1618.2979]
Wed 09 Oct 2024 19:12:48 INFO  epoch 2 evaluating [time: 2.86s, valid_score: 0.104900]
Wed 09 Oct 2024 19:12:48 INFO  valid result: 
recall@10 : 0.1433    recall@20 : 0.1701    ndcg@10 : 0.1049    ndcg@20 : 0.1117
Wed 09 Oct 2024 19:12:48 INFO  Saving current: saved/TedRec-Oct-09-2024_19-10-08.pth
Wed 09 Oct 2024 19:13:38 INFO  epoch 3 training [time: 50.00s, train loss: 1550.0859]
Wed 09 Oct 2024 19:13:41 INFO  epoch 3 evaluating [time: 2.86s, valid_score: 0.107300]
Wed 09 Oct 2024 19:13:41 INFO  valid result: 
recall@10 : 0.1466    recall@20 : 0.1744    ndcg@10 : 0.1073    ndcg@20 : 0.1143
Wed 09 Oct 2024 19:13:42 INFO  Saving current: saved/TedRec-Oct-09-2024_19-10-08.pth
Wed 09 Oct 2024 19:14:31 INFO  epoch 4 training [time: 49.93s, train loss: 1504.3078]
Wed 09 Oct 2024 19:14:34 INFO  epoch 4 evaluating [time: 2.88s, valid_score: 0.108500]
Wed 09 Oct 2024 19:14:34 INFO  valid result: 
recall@10 : 0.1481    recall@20 : 0.1771    ndcg@10 : 0.1085    ndcg@20 : 0.1158
Wed 09 Oct 2024 19:14:35 INFO  Saving current: saved/TedRec-Oct-09-2024_19-10-08.pth
Wed 09 Oct 2024 19:15:25 INFO  epoch 5 training [time: 50.00s, train loss: 1471.2089]
Wed 09 Oct 2024 19:15:27 INFO  epoch 5 evaluating [time: 2.87s, valid_score: 0.109900]
Wed 09 Oct 2024 19:15:27 INFO  valid result: 
recall@10 : 0.1498    recall@20 : 0.1783    ndcg@10 : 0.1099    ndcg@20 : 0.1171
Wed 09 Oct 2024 19:15:28 INFO  Saving current: saved/TedRec-Oct-09-2024_19-10-08.pth
Wed 09 Oct 2024 19:16:18 INFO  epoch 6 training [time: 49.95s, train loss: 1446.6425]
Wed 09 Oct 2024 19:16:21 INFO  epoch 6 evaluating [time: 2.87s, valid_score: 0.110500]
Wed 09 Oct 2024 19:16:21 INFO  valid result: 
recall@10 : 0.1503    recall@20 : 0.1798    ndcg@10 : 0.1105    ndcg@20 : 0.1179
Wed 09 Oct 2024 19:16:21 INFO  Saving current: saved/TedRec-Oct-09-2024_19-10-08.pth
Wed 09 Oct 2024 19:17:11 INFO  epoch 7 training [time: 49.87s, train loss: 1427.2865]
Wed 09 Oct 2024 19:17:14 INFO  epoch 7 evaluating [time: 2.86s, valid_score: 0.110900]
Wed 09 Oct 2024 19:17:14 INFO  valid result: 
recall@10 : 0.1502    recall@20 : 0.1796    ndcg@10 : 0.1109    ndcg@20 : 0.1183
Wed 09 Oct 2024 19:17:14 INFO  Saving current: saved/TedRec-Oct-09-2024_19-10-08.pth
Wed 09 Oct 2024 19:18:04 INFO  epoch 8 training [time: 49.95s, train loss: 1411.5688]
Wed 09 Oct 2024 19:18:07 INFO  epoch 8 evaluating [time: 2.85s, valid_score: 0.111900]
Wed 09 Oct 2024 19:18:07 INFO  valid result: 
recall@10 : 0.1512    recall@20 : 0.1806    ndcg@10 : 0.1119    ndcg@20 : 0.1193
Wed 09 Oct 2024 19:18:07 INFO  Saving current: saved/TedRec-Oct-09-2024_19-10-08.pth
Wed 09 Oct 2024 19:18:57 INFO  epoch 9 training [time: 50.05s, train loss: 1398.4438]
Wed 09 Oct 2024 19:19:00 INFO  epoch 9 evaluating [time: 2.85s, valid_score: 0.111800]
Wed 09 Oct 2024 19:19:00 INFO  valid result: 
recall@10 : 0.1511    recall@20 : 0.1799    ndcg@10 : 0.1118    ndcg@20 : 0.119
Wed 09 Oct 2024 19:19:50 INFO  epoch 10 training [time: 49.96s, train loss: 1387.3949]
Wed 09 Oct 2024 19:19:53 INFO  epoch 10 evaluating [time: 2.85s, valid_score: 0.112300]
Wed 09 Oct 2024 19:19:53 INFO  valid result: 
recall@10 : 0.1515    recall@20 : 0.1804    ndcg@10 : 0.1123    ndcg@20 : 0.1196
Wed 09 Oct 2024 19:19:53 INFO  Saving current: saved/TedRec-Oct-09-2024_19-10-08.pth
Wed 09 Oct 2024 19:20:43 INFO  epoch 11 training [time: 49.91s, train loss: 1377.8172]
Wed 09 Oct 2024 19:20:46 INFO  epoch 11 evaluating [time: 2.86s, valid_score: 0.112400]
Wed 09 Oct 2024 19:20:46 INFO  valid result: 
recall@10 : 0.1508    recall@20 : 0.1796    ndcg@10 : 0.1124    ndcg@20 : 0.1197
Wed 09 Oct 2024 19:20:46 INFO  Saving current: saved/TedRec-Oct-09-2024_19-10-08.pth
Wed 09 Oct 2024 19:21:36 INFO  epoch 12 training [time: 49.95s, train loss: 1368.9414]
Wed 09 Oct 2024 19:21:39 INFO  epoch 12 evaluating [time: 2.88s, valid_score: 0.112900]
Wed 09 Oct 2024 19:21:39 INFO  valid result: 
recall@10 : 0.1521    recall@20 : 0.1806    ndcg@10 : 0.1129    ndcg@20 : 0.1202
Wed 09 Oct 2024 19:21:39 INFO  Saving current: saved/TedRec-Oct-09-2024_19-10-08.pth
Wed 09 Oct 2024 19:22:29 INFO  epoch 13 training [time: 49.88s, train loss: 1361.0473]
Wed 09 Oct 2024 19:22:32 INFO  epoch 13 evaluating [time: 2.87s, valid_score: 0.112400]
Wed 09 Oct 2024 19:22:32 INFO  valid result: 
recall@10 : 0.1508    recall@20 : 0.1793    ndcg@10 : 0.1124    ndcg@20 : 0.1195
Wed 09 Oct 2024 19:23:22 INFO  epoch 14 training [time: 49.81s, train loss: 1354.1290]
Wed 09 Oct 2024 19:23:24 INFO  epoch 14 evaluating [time: 2.86s, valid_score: 0.112300]
Wed 09 Oct 2024 19:23:24 INFO  valid result: 
recall@10 : 0.1505    recall@20 : 0.1797    ndcg@10 : 0.1123    ndcg@20 : 0.1197
Wed 09 Oct 2024 19:24:14 INFO  epoch 15 training [time: 49.78s, train loss: 1347.7288]
Wed 09 Oct 2024 19:24:17 INFO  epoch 15 evaluating [time: 2.85s, valid_score: 0.112600]
Wed 09 Oct 2024 19:24:17 INFO  valid result: 
recall@10 : 0.151    recall@20 : 0.1797    ndcg@10 : 0.1126    ndcg@20 : 0.1198
Wed 09 Oct 2024 19:25:07 INFO  epoch 16 training [time: 49.85s, train loss: 1341.1839]
Wed 09 Oct 2024 19:25:10 INFO  epoch 16 evaluating [time: 2.87s, valid_score: 0.112600]
Wed 09 Oct 2024 19:25:10 INFO  valid result: 
recall@10 : 0.1506    recall@20 : 0.1798    ndcg@10 : 0.1126    ndcg@20 : 0.1199
Wed 09 Oct 2024 19:26:00 INFO  epoch 17 training [time: 49.91s, train loss: 1335.8043]
Wed 09 Oct 2024 19:26:03 INFO  epoch 17 evaluating [time: 2.85s, valid_score: 0.111900]
Wed 09 Oct 2024 19:26:03 INFO  valid result: 
recall@10 : 0.1499    recall@20 : 0.1789    ndcg@10 : 0.1119    ndcg@20 : 0.1191
Wed 09 Oct 2024 19:26:52 INFO  epoch 18 training [time: 49.88s, train loss: 1329.8211]
Wed 09 Oct 2024 19:26:55 INFO  epoch 18 evaluating [time: 2.83s, valid_score: 0.112000]
Wed 09 Oct 2024 19:26:55 INFO  valid result: 
recall@10 : 0.1496    recall@20 : 0.1781    ndcg@10 : 0.112    ndcg@20 : 0.1192
Wed 09 Oct 2024 19:27:45 INFO  epoch 19 training [time: 49.72s, train loss: 1324.7915]
Wed 09 Oct 2024 19:27:48 INFO  epoch 19 evaluating [time: 2.86s, valid_score: 0.111500]
Wed 09 Oct 2024 19:27:48 INFO  valid result: 
recall@10 : 0.1487    recall@20 : 0.1773    ndcg@10 : 0.1115    ndcg@20 : 0.1187
Wed 09 Oct 2024 19:28:38 INFO  epoch 20 training [time: 49.87s, train loss: 1319.6301]
Wed 09 Oct 2024 19:28:41 INFO  epoch 20 evaluating [time: 2.85s, valid_score: 0.111400]
Wed 09 Oct 2024 19:28:41 INFO  valid result: 
recall@10 : 0.1487    recall@20 : 0.1772    ndcg@10 : 0.1114    ndcg@20 : 0.1186
Wed 09 Oct 2024 19:29:30 INFO  epoch 21 training [time: 49.84s, train loss: 1314.4399]
Wed 09 Oct 2024 19:29:33 INFO  epoch 21 evaluating [time: 2.87s, valid_score: 0.111100]
Wed 09 Oct 2024 19:29:33 INFO  valid result: 
recall@10 : 0.148    recall@20 : 0.1762    ndcg@10 : 0.1111    ndcg@20 : 0.1182
Wed 09 Oct 2024 19:30:23 INFO  epoch 22 training [time: 49.92s, train loss: 1310.3746]
Wed 09 Oct 2024 19:30:26 INFO  epoch 22 evaluating [time: 2.87s, valid_score: 0.110700]
Wed 09 Oct 2024 19:30:26 INFO  valid result: 
recall@10 : 0.1478    recall@20 : 0.176    ndcg@10 : 0.1107    ndcg@20 : 0.1178
Wed 09 Oct 2024 19:31:16 INFO  epoch 23 training [time: 49.88s, train loss: 1305.7861]
Wed 09 Oct 2024 19:31:19 INFO  epoch 23 evaluating [time: 2.85s, valid_score: 0.110300]
Wed 09 Oct 2024 19:31:19 INFO  valid result: 
recall@10 : 0.1467    recall@20 : 0.1748    ndcg@10 : 0.1103    ndcg@20 : 0.1174
Wed 09 Oct 2024 19:31:19 INFO  Finished training, best eval result in epoch 12
Wed 09 Oct 2024 19:31:19 INFO  Loading model structure and parameters from saved/TedRec-Oct-09-2024_19-10-08.pth
Wed 09 Oct 2024 19:31:22 INFO  best valid : OrderedDict({'recall@10': 0.1521, 'recall@20': 0.1806, 'ndcg@10': 0.1129, 'ndcg@20': 0.1202})
Wed 09 Oct 2024 19:31:22 INFO  test result: OrderedDict({'recall@10': 0.1387, 'recall@20': 0.1653, 'ndcg@10': 0.1062, 'ndcg@20': 0.1123})
Wed 09 Oct 2024 19:31:22 INFO  0.1387	0.1653	0.1062	0.1123
